Release 14.7 - xst P.20131013 (nt)
Copyright (c) 1995-2013 Xilinx, Inc.  All rights reserved.
--> Parameter TMPDIR set to xst/projnav.tmp


Total REAL time to Xst completion: 0.00 secs
Total CPU time to Xst completion: 0.08 secs
 
--> Parameter xsthdpdir set to xst


Total REAL time to Xst completion: 0.00 secs
Total CPU time to Xst completion: 0.08 secs
 
--> Reading design: top.prj

TABLE OF CONTENTS
  1) Synthesis Options Summary
  2) HDL Compilation
  3) Design Hierarchy Analysis
  4) HDL Analysis
  5) HDL Synthesis
     5.1) HDL Synthesis Report
  6) Advanced HDL Synthesis
     6.1) Advanced HDL Synthesis Report
  7) Low Level Synthesis
  8) Partition Report
  9) Final Report
	9.1) Device utilization summary
	9.2) Partition Resource Summary
	9.3) TIMING REPORT


=========================================================================
*                      Synthesis Options Summary                        *
=========================================================================
---- Source Parameters
Input File Name                    : "top.prj"
Input Format                       : mixed
Ignore Synthesis Constraint File   : NO

---- Target Parameters
Output File Name                   : "top"
Output Format                      : NGC
Target Device                      : xc3s500e-4-fg320

---- Source Options
Top Module Name                    : top
Automatic FSM Extraction           : YES
FSM Encoding Algorithm             : Auto
Safe Implementation                : No
FSM Style                          : LUT
RAM Extraction                     : Yes
RAM Style                          : Auto
ROM Extraction                     : Yes
Mux Style                          : Auto
Decoder Extraction                 : YES
Priority Encoder Extraction        : Yes
Shift Register Extraction          : YES
Logical Shifter Extraction         : YES
XOR Collapsing                     : YES
ROM Style                          : Auto
Mux Extraction                     : Yes
Resource Sharing                   : YES
Asynchronous To Synchronous        : NO
Multiplier Style                   : Auto
Automatic Register Balancing       : No

---- Target Options
Add IO Buffers                     : YES
Global Maximum Fanout              : 100000
Add Generic Clock Buffer(BUFG)     : 24
Register Duplication               : YES
Slice Packing                      : YES
Optimize Instantiated Primitives   : NO
Use Clock Enable                   : Yes
Use Synchronous Set                : Yes
Use Synchronous Reset              : Yes
Pack IO Registers into IOBs        : Auto
Equivalent register Removal        : YES

---- General Options
Optimization Goal                  : Speed
Optimization Effort                : 1
Keep Hierarchy                     : No
Netlist Hierarchy                  : As_Optimized
RTL Output                         : Yes
Global Optimization                : AllClockNets
Read Cores                         : YES
Write Timing Constraints           : NO
Cross Clock Analysis               : NO
Hierarchy Separator                : /
Bus Delimiter                      : <>
Case Specifier                     : Maintain
Slice Utilization Ratio            : 100
BRAM Utilization Ratio             : 100
Verilog 2001                       : YES
Auto BRAM Packing                  : NO
Slice Utilization Ratio Delta      : 5

=========================================================================


=========================================================================
*                          HDL Compilation                              *
=========================================================================
Compiling verilog file "register_a.v" in library work
Compiling verilog file "pc.v" in library work
Module <register_a> compiled
Compiling verilog file "alu.v" in library work
Module <pc> compiled
Compiling verilog file "../Meta2.0/register_b.v" in library work
Module <alu> compiled
Compiling verilog file "../Meta2.0/instruction_memory.v" in library work
Module <register_b> compiled
Compiling verilog file "top.v" in library work
Module <instruction_memory> compiled
Module <top> compiled
Module <computer> compiled
No errors in compilation
Analysis of file <"top.prj"> succeeded.
 

=========================================================================
*                     Design Hierarchy Analysis                         *
=========================================================================
Analyzing hierarchy for module <top> in library <work>.

Analyzing hierarchy for module <computer> in library <work>.

Analyzing hierarchy for module <pc> in library <work>.

Analyzing hierarchy for module <instruction_memory> in library <work>.

Analyzing hierarchy for module <register_a> in library <work>.

Analyzing hierarchy for module <register_b> in library <work>.

Analyzing hierarchy for module <alu> in library <work>.


=========================================================================
*                            HDL Analysis                               *
=========================================================================
Analyzing top module <top>.
Module <top> is correct for synthesis.
 
Analyzing module <computer> in library <work>.
Module <computer> is correct for synthesis.
 
Analyzing module <pc> in library <work>.
Module <pc> is correct for synthesis.
 
Analyzing module <instruction_memory> in library <work>.
Module <instruction_memory> is correct for synthesis.
 
Analyzing module <register_a> in library <work>.
Module <register_a> is correct for synthesis.
 
Analyzing module <register_b> in library <work>.
Module <register_b> is correct for synthesis.
 
Analyzing module <alu> in library <work>.
Module <alu> is correct for synthesis.
 

=========================================================================
*                           HDL Synthesis                               *
=========================================================================

Performing bidirectional port resolution...

Synthesizing Unit <pc>.
    Related source file is "pc.v".
    Found 8-bit up counter for signal <pcc>.
    Summary:
	inferred   1 Counter(s).
Unit <pc> synthesized.


Synthesizing Unit <instruction_memory>.
    Related source file is "../Meta2.0/instruction_memory.v".
WARNING:Xst:647 - Input <address<7:4>> is never used. This port will be preserved and left unconnected if it belongs to a top-level block or it belongs to a sub-block and the hierarchy of this sub-block is preserved.
WARNING:Xst:1781 - Signal <mem> is used but never assigned. Tied to default value.
    Found 15x15-bit ROM for signal <$COND_2>.
    Summary:
	inferred   1 ROM(s).
Unit <instruction_memory> synthesized.


Synthesizing Unit <register_a>.
    Related source file is "register_a.v".
    Found 8-bit register for signal <out>.
    Summary:
	inferred   8 D-type flip-flop(s).
Unit <register_a> synthesized.


Synthesizing Unit <register_b>.
    Related source file is "../Meta2.0/register_b.v".
    Found 8-bit register for signal <out>.
    Summary:
	inferred   8 D-type flip-flop(s).
Unit <register_b> synthesized.


Synthesizing Unit <alu>.
    Related source file is "alu.v".
WARNING:Xst:737 - Found 8-bit latch for signal <out>. Latches may be generated from incomplete case or if statements. We do not recommend the use of latches in FPGA/CPLD designs, as they may lead to timing problems.
INFO:Xst:2371 - HDL ADVISOR - Logic functions respectively driving the data and gate enable inputs of this latch share common terms. This situation will potentially lead to setup/hold violations and, as a result, to simulation problems. This situation may come from an incomplete case statement (all selector values are not covered). You should carefully review if it was in your intentions to describe such a latch.
    Found 8-bit addsub for signal <out$addsub0000>.
    Summary:
	inferred   1 Adder/Subtractor(s).
Unit <alu> synthesized.


Synthesizing Unit <computer>.
    Related source file is "top.v".
WARNING:Xst:646 - Signal <im_out_bus<14:6>> is assigned but never used. This unconnected signal will be trimmed during the optimization process.
Unit <computer> synthesized.


Synthesizing Unit <top>.
    Related source file is "top.v".
Unit <top> synthesized.

INFO:Xst:1767 - HDL ADVISOR - Resource sharing has identified that some arithmetic operations in this design can share the same physical resources for reduced device utilization. For improved clock frequency you may try to disable resource sharing.

=========================================================================
HDL Synthesis Report

Macro Statistics
# ROMs                                                 : 1
 15x15-bit ROM                                         : 1
# Adders/Subtractors                                   : 1
 8-bit addsub                                          : 1
# Counters                                             : 1
 8-bit up counter                                      : 1
# Registers                                            : 2
 8-bit register                                        : 2
# Latches                                              : 1
 8-bit latch                                           : 1

=========================================================================

=========================================================================
*                       Advanced HDL Synthesis                          *
=========================================================================


=========================================================================
Advanced HDL Synthesis Report

Macro Statistics
# ROMs                                                 : 1
 15x15-bit ROM                                         : 1
# Adders/Subtractors                                   : 1
 8-bit addsub                                          : 1
# Counters                                             : 1
 8-bit up counter                                      : 1
# Registers                                            : 16
 Flip-Flops                                            : 16
# Latches                                              : 1
 8-bit latch                                           : 1

=========================================================================

=========================================================================
*                         Low Level Synthesis                           *
=========================================================================

Optimizing unit <top> ...

Optimizing unit <register_a> ...

Optimizing unit <register_b> ...

Optimizing unit <alu> ...
WARNING:Xst:1293 - FF/Latch <Comp/regB/out_7> has a constant value of 0 in block <top>. This FF/Latch will be trimmed during the optimization process.
WARNING:Xst:1896 - Due to other FF/Latch trimming, FF/Latch <Comp/regB/out_6> has a constant value of 0 in block <top>. This FF/Latch will be trimmed during the optimization process.
WARNING:Xst:1896 - Due to other FF/Latch trimming, FF/Latch <Comp/regB/out_5> has a constant value of 0 in block <top>. This FF/Latch will be trimmed during the optimization process.
WARNING:Xst:1896 - Due to other FF/Latch trimming, FF/Latch <Comp/regB/out_4> has a constant value of 0 in block <top>. This FF/Latch will be trimmed during the optimization process.
WARNING:Xst:1896 - Due to other FF/Latch trimming, FF/Latch <Comp/regB/out_3> has a constant value of 1 in block <top>. This FF/Latch will be trimmed during the optimization process.
WARNING:Xst:1896 - Due to other FF/Latch trimming, FF/Latch <Comp/regB/out_2> has a constant value of 0 in block <top>. This FF/Latch will be trimmed during the optimization process.
WARNING:Xst:1896 - Due to other FF/Latch trimming, FF/Latch <Comp/regB/out_1> has a constant value of 1 in block <top>. This FF/Latch will be trimmed during the optimization process.
WARNING:Xst:1896 - Due to other FF/Latch trimming, FF/Latch <Comp/regB/out_0> has a constant value of 0 in block <top>. This FF/Latch will be trimmed during the optimization process.
WARNING:Xst:1294 - Latch <Comp/ALU/out_7> is equivalent to a wire in block <top>.
WARNING:Xst:1294 - Latch <Comp/ALU/out_6> is equivalent to a wire in block <top>.
WARNING:Xst:1294 - Latch <Comp/ALU/out_5> is equivalent to a wire in block <top>.
WARNING:Xst:1294 - Latch <Comp/ALU/out_4> is equivalent to a wire in block <top>.
WARNING:Xst:1294 - Latch <Comp/ALU/out_3> is equivalent to a wire in block <top>.
WARNING:Xst:1294 - Latch <Comp/ALU/out_2> is equivalent to a wire in block <top>.
WARNING:Xst:1294 - Latch <Comp/ALU/out_1> is equivalent to a wire in block <top>.
WARNING:Xst:1294 - Latch <Comp/ALU/out_0> is equivalent to a wire in block <top>.

Mapping all equations...
Building and optimizing final netlist ...
Found area constraint ratio of 100 (+ 5) on block top, actual ratio is 0.

Final Macro Processing ...

=========================================================================
Final Register Report

Macro Statistics
# Registers                                            : 16
 Flip-Flops                                            : 16

=========================================================================

=========================================================================
*                           Partition Report                            *
=========================================================================

Partition Implementation Status
-------------------------------

  No Partitions were found in this design.

-------------------------------

=========================================================================
*                            Final Report                               *
=========================================================================
Final Results
RTL Top Level Output File Name     : top.ngr
Top Level Output File Name         : top
Output Format                      : NGC
Optimization Goal                  : Speed
Keep Hierarchy                     : No

Design Statistics
# IOs                              : 9

Cell Usage :
# BELS                             : 64
#      GND                         : 1
#      INV                         : 1
#      LUT1                        : 7
#      LUT2                        : 6
#      LUT3                        : 4
#      LUT4                        : 11
#      LUT4_D                      : 2
#      LUT4_L                      : 1
#      MUXCY                       : 14
#      VCC                         : 1
#      XORCY                       : 16
# FlipFlops/Latches                : 16
#      FDE                         : 8
#      FDR                         : 8
# Clock Buffers                    : 1
#      BUFGP                       : 1
# IO Buffers                       : 8
#      OBUF                        : 8
=========================================================================

Device utilization summary:
---------------------------

Selected Device : 3s500efg320-4 

 Number of Slices:                       17  out of   4656     0%  
 Number of Slice Flip Flops:             16  out of   9312     0%  
 Number of 4 input LUTs:                 32  out of   9312     0%  
 Number of IOs:                           9
 Number of bonded IOBs:                   9  out of    232     3%  
 Number of GCLKs:                         1  out of     24     4%  

---------------------------
Partition Resource Summary:
---------------------------

  No Partitions were found in this design.

---------------------------


=========================================================================
TIMING REPORT

NOTE: THESE TIMING NUMBERS ARE ONLY A SYNTHESIS ESTIMATE.
      FOR ACCURATE TIMING INFORMATION PLEASE REFER TO THE TRACE REPORT
      GENERATED AFTER PLACE-and-ROUTE.

Clock Information:
------------------
-----------------------------------+------------------------+-------+
Clock Signal                       | Clock buffer(FF name)  | Load  |
-----------------------------------+------------------------+-------+
sw                                 | BUFGP                  | 16    |
-----------------------------------+------------------------+-------+

Asynchronous Control Signals Information:
----------------------------------------
No asynchronous control signals found in this design

Timing Summary:
---------------
Speed Grade: -4

   Minimum period: 6.913ns (Maximum Frequency: 144.655MHz)
   Minimum input arrival time before clock: No path found
   Maximum output required time after clock: 4.394ns
   Maximum combinational path delay: No path found

Timing Detail:
--------------
All values displayed in nanoseconds (ns)

=========================================================================
Timing constraint: Default period analysis for Clock 'sw'
  Clock period: 6.913ns (frequency: 144.655MHz)
  Total number of paths / destination ports: 484 / 32
-------------------------------------------------------------------------
Delay:               6.913ns (Levels of Logic = 11)
  Source:            Comp/PC/pcc_1 (FF)
  Destination:       Comp/regA/out_7 (FF)
  Source Clock:      sw rising
  Destination Clock: sw rising

  Data Path: Comp/PC/pcc_1 to Comp/regA/out_7
                                Gate     Net
    Cell:in->out      fanout   Delay   Delay  Logical Name (Net Name)
    ----------------------------------------  ------------
     FDR:C->Q              6   0.591   0.844  Comp/PC/pcc_1 (Comp/PC/pcc_1)
     LUT4_D:I0->O         11   0.704   1.012  Comp/im/Mrom__COND_211 (Comp/im/Mrom__COND_2)
     LUT3:I1->O            1   0.704   0.000  Comp/ALU/Maddsub_out_addsub0000_lut<0> (Comp/ALU/Maddsub_out_addsub0000_lut<0>)
     MUXCY:S->O            1   0.464   0.000  Comp/ALU/Maddsub_out_addsub0000_cy<0> (Comp/ALU/Maddsub_out_addsub0000_cy<0>)
     MUXCY:CI->O           1   0.059   0.000  Comp/ALU/Maddsub_out_addsub0000_cy<1> (Comp/ALU/Maddsub_out_addsub0000_cy<1>)
     MUXCY:CI->O           1   0.059   0.000  Comp/ALU/Maddsub_out_addsub0000_cy<2> (Comp/ALU/Maddsub_out_addsub0000_cy<2>)
     MUXCY:CI->O           1   0.059   0.000  Comp/ALU/Maddsub_out_addsub0000_cy<3> (Comp/ALU/Maddsub_out_addsub0000_cy<3>)
     MUXCY:CI->O           1   0.059   0.000  Comp/ALU/Maddsub_out_addsub0000_cy<4> (Comp/ALU/Maddsub_out_addsub0000_cy<4>)
     MUXCY:CI->O           1   0.059   0.000  Comp/ALU/Maddsub_out_addsub0000_cy<5> (Comp/ALU/Maddsub_out_addsub0000_cy<5>)
     MUXCY:CI->O           0   0.059   0.000  Comp/ALU/Maddsub_out_addsub0000_cy<6> (Comp/ALU/Maddsub_out_addsub0000_cy<6>)
     XORCY:CI->O           1   0.804   0.424  Comp/ALU/Maddsub_out_addsub0000_xor<7> (Comp/ALU/out_addsub0000<7>)
     LUT4:I3->O            1   0.704   0.000  Comp/ALU/out_mux0001<7>1 (Comp/alu_out_bus<7>)
     FDE:D                     0.308          Comp/regA/out_7
    ----------------------------------------
    Total                      6.913ns (4.633ns logic, 2.280ns route)
                                       (67.0% logic, 33.0% route)

=========================================================================
Timing constraint: Default OFFSET OUT AFTER for Clock 'sw'
  Total number of paths / destination ports: 8 / 8
-------------------------------------------------------------------------
Offset:              4.394ns (Levels of Logic = 1)
  Source:            Comp/regA/out_7 (FF)
  Destination:       Led<7> (PAD)
  Source Clock:      sw rising

  Data Path: Comp/regA/out_7 to Led<7>
                                Gate     Net
    Cell:in->out      fanout   Delay   Delay  Logical Name (Net Name)
    ----------------------------------------  ------------
     FDE:C->Q              3   0.591   0.531  Comp/regA/out_7 (Comp/regA/out_7)
     OBUF:I->O                 3.272          Led_7_OBUF (Led<7>)
    ----------------------------------------
    Total                      4.394ns (3.863ns logic, 0.531ns route)
                                       (87.9% logic, 12.1% route)

=========================================================================


Total REAL time to Xst completion: 3.00 secs
Total CPU time to Xst completion: 2.99 secs
 
--> 

Total memory usage is 266940 kilobytes

Number of errors   :    0 (   0 filtered)
Number of warnings :   21 (   0 filtered)
Number of infos    :    2 (   0 filtered)

