Release 14.7 - xst P.20131013 (nt)
Copyright (c) 1995-2013 Xilinx, Inc.  All rights reserved.
--> Parameter TMPDIR set to xst/projnav.tmp


Total REAL time to Xst completion: 0.00 secs
Total CPU time to Xst completion: 0.09 secs
 
--> Parameter xsthdpdir set to xst


Total REAL time to Xst completion: 0.00 secs
Total CPU time to Xst completion: 0.09 secs
 
--> Reading design: top.prj

TABLE OF CONTENTS
  1) Synthesis Options Summary
  2) HDL Compilation
  3) Design Hierarchy Analysis
  4) HDL Analysis
  5) HDL Synthesis
     5.1) HDL Synthesis Report
  6) Advanced HDL Synthesis
     6.1) Advanced HDL Synthesis Report
  7) Low Level Synthesis
  8) Partition Report
  9) Final Report
	9.1) Device utilization summary
	9.2) Partition Resource Summary
	9.3) TIMING REPORT


=========================================================================
*                      Synthesis Options Summary                        *
=========================================================================
---- Source Parameters
Input File Name                    : "top.prj"
Input Format                       : mixed
Ignore Synthesis Constraint File   : NO

---- Target Parameters
Output File Name                   : "top"
Output Format                      : NGC
Target Device                      : xc3s500e-4-fg320

---- Source Options
Top Module Name                    : top
Automatic FSM Extraction           : YES
FSM Encoding Algorithm             : Auto
Safe Implementation                : No
FSM Style                          : LUT
RAM Extraction                     : Yes
RAM Style                          : Auto
ROM Extraction                     : Yes
Mux Style                          : Auto
Decoder Extraction                 : YES
Priority Encoder Extraction        : Yes
Shift Register Extraction          : YES
Logical Shifter Extraction         : YES
XOR Collapsing                     : YES
ROM Style                          : Auto
Mux Extraction                     : Yes
Resource Sharing                   : YES
Asynchronous To Synchronous        : NO
Multiplier Style                   : Auto
Automatic Register Balancing       : No

---- Target Options
Add IO Buffers                     : YES
Global Maximum Fanout              : 100000
Add Generic Clock Buffer(BUFG)     : 24
Register Duplication               : YES
Slice Packing                      : YES
Optimize Instantiated Primitives   : NO
Use Clock Enable                   : Yes
Use Synchronous Set                : Yes
Use Synchronous Reset              : Yes
Pack IO Registers into IOBs        : Auto
Equivalent register Removal        : YES

---- General Options
Optimization Goal                  : Speed
Optimization Effort                : 1
Keep Hierarchy                     : No
Netlist Hierarchy                  : As_Optimized
RTL Output                         : Yes
Global Optimization                : AllClockNets
Read Cores                         : YES
Write Timing Constraints           : NO
Cross Clock Analysis               : NO
Hierarchy Separator                : /
Bus Delimiter                      : <>
Case Specifier                     : Maintain
Slice Utilization Ratio            : 100
BRAM Utilization Ratio             : 100
Verilog 2001                       : YES
Auto BRAM Packing                  : NO
Slice Utilization Ratio Delta      : 5

=========================================================================


=========================================================================
*                          HDL Compilation                              *
=========================================================================
Compiling verilog file "segment7.v" in library work
Compiling verilog file "register_status.v" in library work
Module <segment7> compiled
Compiling verilog file "register_a.v" in library work
Module <register_status> compiled
Compiling verilog file "pc.v" in library work
Module <register_a> compiled
Compiling verilog file "mux_data.v" in library work
Module <pc> compiled
Compiling verilog file "Mux_b.v" in library work
Module <mux_data> compiled
Compiling verilog file "Mux_a.v" in library work
Module <Mux_b> compiled
Compiling verilog file "data_memory.v" in library work
Module <Mux_a> compiled
Compiling verilog file "control_unit.v" in library work
Module <data_memory> compiled
Compiling verilog file "BCD.v" in library work
Module <control_unit> compiled
Compiling verilog file "alu.v" in library work
Module <BCD> compiled
Compiling verilog file "../Meta2.0/register_b.v" in library work
Module <alu> compiled
Compiling verilog file "../Meta2.0/instruction_memory.v" in library work
Module <register_b> compiled
Compiling verilog file "top.v" in library work
Module <instruction_memory> compiled
Module <top> compiled
Module <computer> compiled
No errors in compilation
Analysis of file <"top.prj"> succeeded.
 

=========================================================================
*                     Design Hierarchy Analysis                         *
=========================================================================
Analyzing hierarchy for module <top> in library <work>.

Analyzing hierarchy for module <computer> in library <work>.

Analyzing hierarchy for module <pc> in library <work>.

Analyzing hierarchy for module <instruction_memory> in library <work>.

Analyzing hierarchy for module <control_unit> in library <work>.

Analyzing hierarchy for module <register_a> in library <work>.

Analyzing hierarchy for module <register_b> in library <work>.

Analyzing hierarchy for module <Mux_a> in library <work>.

Analyzing hierarchy for module <Mux_b> in library <work>.

Analyzing hierarchy for module <alu> in library <work>.

Analyzing hierarchy for module <data_memory> in library <work>.

Analyzing hierarchy for module <mux_data> in library <work>.

Analyzing hierarchy for module <register_status> in library <work>.

Analyzing hierarchy for module <BCD> in library <work>.

Analyzing hierarchy for module <segment7> in library <work>.


=========================================================================
*                            HDL Analysis                               *
=========================================================================
Analyzing top module <top>.
Module <top> is correct for synthesis.
 
Analyzing module <computer> in library <work>.
Module <computer> is correct for synthesis.
 
Analyzing module <pc> in library <work>.
Module <pc> is correct for synthesis.
 
Analyzing module <instruction_memory> in library <work>.
Module <instruction_memory> is correct for synthesis.
 
Analyzing module <control_unit> in library <work>.
Module <control_unit> is correct for synthesis.
 
Analyzing module <register_a> in library <work>.
Module <register_a> is correct for synthesis.
 
Analyzing module <register_b> in library <work>.
Module <register_b> is correct for synthesis.
 
Analyzing module <Mux_a> in library <work>.
Module <Mux_a> is correct for synthesis.
 
Analyzing module <Mux_b> in library <work>.
Module <Mux_b> is correct for synthesis.
 
Analyzing module <alu> in library <work>.
Module <alu> is correct for synthesis.
 
Analyzing module <data_memory> in library <work>.
INFO:Xst:1433 - Contents of array <mem> may be accessed with an index that exceeds the array size. This could cause simulation mismatch.
INFO:Xst:1433 - Contents of array <mem> may be accessed with an index that exceeds the array size. This could cause simulation mismatch.
Module <data_memory> is correct for synthesis.
 
Analyzing module <mux_data> in library <work>.
Module <mux_data> is correct for synthesis.
 
Analyzing module <register_status> in library <work>.
Module <register_status> is correct for synthesis.
 
Analyzing module <BCD> in library <work>.
Module <BCD> is correct for synthesis.
 
Analyzing module <segment7> in library <work>.
Module <segment7> is correct for synthesis.
 

=========================================================================
*                           HDL Synthesis                               *
=========================================================================

Performing bidirectional port resolution...

Synthesizing Unit <pc>.
    Related source file is "pc.v".
    Found 8-bit up counter for signal <pcc>.
    Summary:
	inferred   1 Counter(s).
Unit <pc> synthesized.


Synthesizing Unit <instruction_memory>.
    Related source file is "../Meta2.0/instruction_memory.v".
WARNING:Xst:647 - Input <address<7>> is never used. This port will be preserved and left unconnected if it belongs to a top-level block or it belongs to a sub-block and the hierarchy of this sub-block is preserved.
WARNING:Xst:1781 - Signal <mem> is used but never assigned. Tied to default value.
    Found 92x15-bit ROM for signal <$COND_1>.
    Summary:
	inferred   1 ROM(s).
Unit <instruction_memory> synthesized.


Synthesizing Unit <control_unit>.
    Related source file is "control_unit.v".
    Found 128x3-bit ROM for signal <address$rom0000>.
    Summary:
	inferred   1 ROM(s).
Unit <control_unit> synthesized.


Synthesizing Unit <register_a>.
    Related source file is "register_a.v".
    Found 8-bit register for signal <out>.
    Summary:
	inferred   8 D-type flip-flop(s).
Unit <register_a> synthesized.


Synthesizing Unit <register_b>.
    Related source file is "../Meta2.0/register_b.v".
    Found 8-bit register for signal <out>.
    Summary:
	inferred   8 D-type flip-flop(s).
Unit <register_b> synthesized.


Synthesizing Unit <Mux_a>.
    Related source file is "Mux_a.v".
    Found 8-bit 4-to-1 multiplexer for signal <out>.
    Summary:
	inferred   8 Multiplexer(s).
Unit <Mux_a> synthesized.


Synthesizing Unit <Mux_b>.
    Related source file is "Mux_b.v".
    Found 8-bit 4-to-1 multiplexer for signal <out>.
    Summary:
	inferred   8 Multiplexer(s).
Unit <Mux_b> synthesized.


Synthesizing Unit <alu>.
    Related source file is "alu.v".
    Found 9-bit comparator greatequal for signal <c$cmp_ge0000> created at line 43.
    Found 8-bit comparator greatequal for signal <c$cmp_ge0001> created at line 59.
    Found 8-bit comparator less for signal <c$cmp_lt0000> created at line 43.
    Found 8-bit comparator less for signal <c$cmp_lt0001> created at line 43.
    Found 9-bit 8-to-1 multiplexer for signal <temp>.
    Found 9-bit subtractor for signal <temp$addsub0001> created at line 58.
    Found 8-bit adder carry out for signal <temp$addsub0002> created at line 42.
    Found 8-bit xor2 for signal <temp$xor0000> created at line 75.
    Found 8-bit comparator greatequal for signal <v$cmp_ge0000> created at line 48.
    Found 9-bit comparator less for signal <v$cmp_lt0000> created at line 48.
    Summary:
	inferred   2 Adder/Subtractor(s).
	inferred   6 Comparator(s).
	inferred   9 Multiplexer(s).
Unit <alu> synthesized.


Synthesizing Unit <data_memory>.
    Related source file is "data_memory.v".
WARNING:Xst:647 - Input <address<7:6>> is never used. This port will be preserved and left unconnected if it belongs to a top-level block or it belongs to a sub-block and the hierarchy of this sub-block is preserved.
    Found 33x8-bit single-port RAM <Mram_mem> for signal <mem>.
    Found 8-bit register for signal <dataOut>.
    Summary:
	inferred   1 RAM(s).
	inferred   8 D-type flip-flop(s).
Unit <data_memory> synthesized.


Synthesizing Unit <mux_data>.
    Related source file is "mux_data.v".
Unit <mux_data> synthesized.


Synthesizing Unit <register_status>.
    Related source file is "register_status.v".
WARNING:Xst:646 - Signal <data> is assigned but never used. This unconnected signal will be trimmed during the optimization process.
    Found 4-bit register for signal <out>.
    Summary:
	inferred   4 D-type flip-flop(s).
Unit <register_status> synthesized.


Synthesizing Unit <BCD>.
    Related source file is "BCD.v".
    Found 4-bit adder for signal <$add0000> created at line 51.
    Found 4-bit adder for signal <$add0001> created at line 51.
    Found 4-bit adder for signal <$add0002> created at line 51.
    Found 4-bit adder for signal <$add0003> created at line 49.
    Found 4-bit adder for signal <$add0004> created at line 51.
    Found 4-bit adder for signal <$add0005> created at line 49.
    Found 4-bit adder for signal <$add0006> created at line 51.
    Found 4-bit comparator greatequal for signal <hundreds_0$cmp_ge0000> created at line 48.
    Found 4-bit comparator greatequal for signal <hundreds_0$cmp_ge0001> created at line 48.
    Found 8-bit adder for signal <temp$addsub0000> created at line 37.
    Found 8-bit comparator greatequal for signal <temp$cmp_ge0000> created at line 35.
    Found 4-bit comparator greatequal for signal <tens_0$cmp_ge0000> created at line 50.
    Found 4-bit comparator greatequal for signal <tens_0$cmp_ge0001> created at line 50.
    Found 4-bit comparator greatequal for signal <tens_0$cmp_ge0002> created at line 50.
    Found 4-bit comparator greatequal for signal <tens_0$cmp_ge0003> created at line 50.
    Found 4-bit comparator greatequal for signal <tens_0$cmp_ge0004> created at line 50.
    Summary:
	inferred   8 Adder/Subtractor(s).
	inferred   8 Comparator(s).
Unit <BCD> synthesized.


Synthesizing Unit <segment7>.
    Related source file is "segment7.v".
    Found 16x7-bit ROM for signal <seg>.
    Summary:
	inferred   1 ROM(s).
Unit <segment7> synthesized.


Synthesizing Unit <computer>.
    Related source file is "top.v".
    Found 4-bit register for signal <an>.
    Found 7-bit register for signal <seg>.
    Found 32-bit register for signal <i>.
    Found 32-bit adder for signal <i$mux0000>.
    Found 8-bit comparator greatequal for signal <seg$cmp_ge0000> created at line 161.
    Summary:
	inferred  43 D-type flip-flop(s).
	inferred   1 Adder/Subtractor(s).
	inferred   1 Comparator(s).
Unit <computer> synthesized.


Synthesizing Unit <top>.
    Related source file is "top.v".
Unit <top> synthesized.

INFO:Xst:1767 - HDL ADVISOR - Resource sharing has identified that some arithmetic operations in this design can share the same physical resources for reduced device utilization. For improved clock frequency you may try to disable resource sharing.

=========================================================================
HDL Synthesis Report

Macro Statistics
# RAMs                                                 : 1
 33x8-bit single-port RAM                              : 1
# ROMs                                                 : 5
 128x3-bit ROM                                         : 1
 16x7-bit ROM                                          : 3
 92x15-bit ROM                                         : 1
# Adders/Subtractors                                   : 11
 32-bit adder                                          : 1
 4-bit adder                                           : 7
 8-bit adder                                           : 1
 8-bit adder carry out                                 : 1
 9-bit subtractor                                      : 1
# Counters                                             : 1
 8-bit up counter                                      : 1
# Registers                                            : 7
 32-bit register                                       : 1
 4-bit register                                        : 2
 7-bit register                                        : 1
 8-bit register                                        : 3
# Comparators                                          : 15
 4-bit comparator greatequal                           : 7
 8-bit comparator greatequal                           : 4
 8-bit comparator less                                 : 2
 9-bit comparator greatequal                           : 1
 9-bit comparator less                                 : 1
# Multiplexers                                         : 3
 8-bit 4-to-1 multiplexer                              : 2
 9-bit 8-to-1 multiplexer                              : 1
# Xors                                                 : 1
 8-bit xor2                                            : 1

=========================================================================

=========================================================================
*                       Advanced HDL Synthesis                          *
=========================================================================


Synthesizing (advanced) Unit <data_memory>.
INFO:Xst:3231 - The small RAM <Mram_mem> will be implemented on LUTs in order to maximize performance and save block RAM resources. If you want to force its implementation on block, use option/constraint ram_style.
    -----------------------------------------------------------------------
    | ram_type           | Distributed                         |          |
    -----------------------------------------------------------------------
    | Port A                                                              |
    |     aspect ratio   | 33-word x 8-bit                     |          |
    |     clkA           | connected to signal <clk>           | rise     |
    |     weA            | connected to signal <w>             | low      |
    |     addrA          | connected to signal <address>       |          |
    |     diA            | connected to signal <dataIn>        |          |
    |     doA            | connected to internal node          |          |
    -----------------------------------------------------------------------
Unit <data_memory> synthesized (advanced).

=========================================================================
Advanced HDL Synthesis Report

Macro Statistics
# RAMs                                                 : 1
 33x8-bit single-port distributed RAM                  : 1
# ROMs                                                 : 5
 128x3-bit ROM                                         : 1
 16x7-bit ROM                                          : 3
 92x15-bit ROM                                         : 1
# Adders/Subtractors                                   : 11
 32-bit adder                                          : 1
 4-bit adder                                           : 7
 8-bit adder                                           : 1
 8-bit adder carry out                                 : 1
 9-bit subtractor                                      : 1
# Counters                                             : 1
 8-bit up counter                                      : 1
# Registers                                            : 71
 Flip-Flops                                            : 71
# Comparators                                          : 15
 4-bit comparator greatequal                           : 7
 8-bit comparator greatequal                           : 4
 8-bit comparator less                                 : 2
 9-bit comparator greatequal                           : 1
 9-bit comparator less                                 : 1
# Multiplexers                                         : 3
 8-bit 4-to-1 multiplexer                              : 2
 9-bit 8-to-1 multiplexer                              : 1
# Xors                                                 : 1
 8-bit xor2                                            : 1

=========================================================================

=========================================================================
*                         Low Level Synthesis                           *
=========================================================================
WARNING:Xst:2170 - Unit alu : the following signal(s) form a combinatorial loop: _old_ntemp_8.

Optimizing unit <top> ...

Optimizing unit <control_unit> ...

Optimizing unit <register_a> ...

Optimizing unit <register_b> ...

Optimizing unit <alu> ...

Optimizing unit <data_memory> ...

Optimizing unit <BCD> ...

Optimizing unit <computer> ...

Mapping all equations...
Building and optimizing final netlist ...
Found area constraint ratio of 100 (+ 5) on block top, actual ratio is 5.

Final Macro Processing ...

=========================================================================
Final Register Report

Macro Statistics
# Registers                                            : 79
 Flip-Flops                                            : 79

=========================================================================

=========================================================================
*                           Partition Report                            *
=========================================================================

Partition Implementation Status
-------------------------------

  No Partitions were found in this design.

-------------------------------

=========================================================================
*                            Final Report                               *
=========================================================================
Final Results
RTL Top Level Output File Name     : top.ngr
Top Level Output File Name         : top
Output Format                      : NGC
Optimization Goal                  : Speed
Keep Hierarchy                     : No

Design Statistics
# IOs                              : 21

Cell Usage :
# BELS                             : 563
#      GND                         : 1
#      INV                         : 3
#      LUT1                        : 38
#      LUT2                        : 42
#      LUT2_D                      : 3
#      LUT2_L                      : 2
#      LUT3                        : 66
#      LUT3_D                      : 4
#      LUT3_L                      : 5
#      LUT4                        : 200
#      LUT4_D                      : 6
#      LUT4_L                      : 13
#      MUXCY                       : 61
#      MUXF5                       : 46
#      MUXF6                       : 13
#      MUXF7                       : 2
#      VCC                         : 1
#      XORCY                       : 57
# FlipFlops/Latches                : 79
#      FD                          : 2
#      FDE                         : 23
#      FDR                         : 50
#      FDRE                        : 1
#      FDSE                        : 3
# RAMS                             : 16
#      RAM16X1S                    : 8
#      RAM32X1S                    : 8
# Clock Buffers                    : 2
#      BUFGP                       : 2
# IO Buffers                       : 19
#      OBUF                        : 19
=========================================================================

Device utilization summary:
---------------------------

Selected Device : 3s500efg320-4 

 Number of Slices:                      216  out of   4656     4%  
 Number of Slice Flip Flops:             79  out of   9312     0%  
 Number of 4 input LUTs:                406  out of   9312     4%  
    Number used as logic:               382
    Number used as RAMs:                 24
 Number of IOs:                          21
 Number of bonded IOBs:                  21  out of    232     9%  
 Number of GCLKs:                         2  out of     24     8%  

---------------------------
Partition Resource Summary:
---------------------------

  No Partitions were found in this design.

---------------------------


=========================================================================
TIMING REPORT

NOTE: THESE TIMING NUMBERS ARE ONLY A SYNTHESIS ESTIMATE.
      FOR ACCURATE TIMING INFORMATION PLEASE REFER TO THE TRACE REPORT
      GENERATED AFTER PLACE-and-ROUTE.

Clock Information:
------------------
-----------------------------------+------------------------+-------+
Clock Signal                       | Clock buffer(FF name)  | Load  |
-----------------------------------+------------------------+-------+
sw                                 | BUFGP                  | 52    |
clk                                | BUFGP                  | 43    |
-----------------------------------+------------------------+-------+

Asynchronous Control Signals Information:
----------------------------------------
No asynchronous control signals found in this design

Timing Summary:
---------------
Speed Grade: -4

   Minimum period: 20.501ns (Maximum Frequency: 48.778MHz)
   Minimum input arrival time before clock: No path found
   Maximum output required time after clock: 21.571ns
   Maximum combinational path delay: No path found

Timing Detail:
--------------
All values displayed in nanoseconds (ns)

=========================================================================
Timing constraint: Default period analysis for Clock 'sw'
  Clock period: 20.501ns (frequency: 48.778MHz)
  Total number of paths / destination ports: 545258 / 174
-------------------------------------------------------------------------
Delay:               20.501ns (Levels of Logic = 16)
  Source:            Comp/PC/pcc_3 (FF)
  Destination:       Comp/regS/out_3 (FF)
  Source Clock:      sw rising
  Destination Clock: sw rising

  Data Path: Comp/PC/pcc_3 to Comp/regS/out_3
                                Gate     Net
    Cell:in->out      fanout   Delay   Delay  Logical Name (Net Name)
    ----------------------------------------  ------------
     FDR:C->Q             12   0.591   1.136  Comp/PC/pcc_3 (Comp/PC/pcc_3)
     LUT3_D:I0->O          5   0.704   0.637  Comp/im/Mrom__COND_11212_SW0 (N52)
     LUT4:I3->O           34   0.704   1.298  Comp/im/Mrom__COND_11512 (Comp/im_out_bus<9>)
     LUT4:I2->O            1   0.704   0.455  Comp/CU/sMuxB_or0002177_SW0 (N58)
     LUT3_D:I2->LO         1   0.704   0.104  Comp/CU/sMuxB_or0002177 (N170)
     LUT4:I3->O            1   0.704   0.424  Comp/CU/sMuxB_or0002195_SW0 (N62)
     LUT4:I3->O           11   0.704   0.937  Comp/CU/sMuxB<0>50 (Comp/out_cu_smuxB<0>)
     LUT4:I3->O            4   0.704   0.666  Comp/MuxB/Mmux_out11 (Comp/out_muxB<0>)
     LUT2:I1->O            1   0.704   0.000  Comp/ALU/Madd_temp_addsub0002_lut<0>1 (Comp/ALU/Madd_temp_addsub0002_lut<0>1)
     MUXCY:S->O            1   0.464   0.000  Comp/ALU/Madd_temp_addsub0002_cy<0> (Comp/ALU/Madd_temp_addsub0002_cy<0>)
     XORCY:CI->O           1   0.804   0.499  Comp/ALU/Madd_temp_addsub0002_xor<1> (Comp/ALU/temp_addsub0002<1>)
     LUT3:I1->O            1   0.704   0.000  Comp/ALU/Mmux_temp_61 (Comp/ALU/Mmux_temp_61)
     MUXF5:I0->O           1   0.321   0.000  Comp/ALU/Mmux_temp_4_f5_0 (Comp/ALU/Mmux_temp_4_f51)
     MUXF6:I0->O          11   0.521   1.108  Comp/ALU/Mmux_temp_2_f6_0 (Led_1_OBUF)
     LUT3_L:I0->LO         1   0.704   0.135  Comp/ALU/_old_ntemp_83 (Comp/ALU/_old_ntemp_83)
     LUT3:I2->O            1   0.704   0.595  Comp/ALU/_old_ntemp_85 (Comp/ALU/_old_ntemp_85)
     LUT2:I0->O            2   0.704   0.447  Comp/ALU/_old_ntemp_816 (Comp/ALU/_old_ntemp_8)
     FDR:R                     0.911          Comp/regS/out_3
    ----------------------------------------
    Total                     20.501ns (12.060ns logic, 8.441ns route)
                                       (58.8% logic, 41.2% route)

=========================================================================
Timing constraint: Default period analysis for Clock 'clk'
  Clock period: 10.393ns (frequency: 96.219MHz)
  Total number of paths / destination ports: 3568 / 89
-------------------------------------------------------------------------
Delay:               10.393ns (Levels of Logic = 13)
  Source:            Comp/i_23 (FF)
  Destination:       Comp/seg_5 (FF)
  Source Clock:      clk rising
  Destination Clock: clk rising

  Data Path: Comp/i_23 to Comp/seg_5
                                Gate     Net
    Cell:in->out      fanout   Delay   Delay  Logical Name (Net Name)
    ----------------------------------------  ------------
     FDR:C->Q              2   0.591   0.622  Comp/i_23 (Comp/i_23)
     LUT3:I0->O            1   0.704   0.000  Comp/i_cmp_eq00001_wg_lut<0> (Comp/i_cmp_eq00001_wg_lut<0>)
     MUXCY:S->O            1   0.464   0.000  Comp/i_cmp_eq00001_wg_cy<0> (Comp/i_cmp_eq00001_wg_cy<0>)
     MUXCY:CI->O           1   0.059   0.000  Comp/i_cmp_eq00001_wg_cy<1> (Comp/i_cmp_eq00001_wg_cy<1>)
     MUXCY:CI->O           1   0.059   0.000  Comp/i_cmp_eq00001_wg_cy<2> (Comp/i_cmp_eq00001_wg_cy<2>)
     MUXCY:CI->O           1   0.059   0.000  Comp/i_cmp_eq00001_wg_cy<3> (Comp/i_cmp_eq00001_wg_cy<3>)
     MUXCY:CI->O           1   0.059   0.000  Comp/i_cmp_eq00001_wg_cy<4> (Comp/i_cmp_eq00001_wg_cy<4>)
     MUXCY:CI->O           1   0.059   0.000  Comp/i_cmp_eq00001_wg_cy<5> (Comp/i_cmp_eq00001_wg_cy<5>)
     MUXCY:CI->O           2   0.459   0.622  Comp/i_cmp_eq00001_wg_cy<6> (Comp/N6)
     LUT3:I0->O            2   0.704   0.526  Comp/i_cmp_eq000021 (Comp/N42)
     LUT4:I1->O           15   0.704   1.096  Comp/an_or00001 (Comp/an_or0000)
     LUT4:I1->O            4   0.704   0.762  Comp/seg_mux0000<6>21 (Comp/N12)
     LUT2:I0->O            1   0.704   0.424  Comp/seg_mux0000<3>22 (Comp/seg_mux0000<3>22)
     LUT4:I3->O            1   0.704   0.000  Comp/seg_mux0000<3>34 (Comp/seg_mux0000<3>)
     FDE:D                     0.308          Comp/seg_3
    ----------------------------------------
    Total                     10.393ns (6.341ns logic, 4.052ns route)
                                       (61.0% logic, 39.0% route)

=========================================================================
Timing constraint: Default OFFSET OUT AFTER for Clock 'clk'
  Total number of paths / destination ports: 11 / 11
-------------------------------------------------------------------------
Offset:              4.283ns (Levels of Logic = 1)
  Source:            Comp/an_3 (FF)
  Destination:       an<3> (PAD)
  Source Clock:      clk rising

  Data Path: Comp/an_3 to an<3>
                                Gate     Net
    Cell:in->out      fanout   Delay   Delay  Logical Name (Net Name)
    ----------------------------------------  ------------
     FDSE:C->Q             1   0.591   0.420  Comp/an_3 (Comp/an_3)
     OBUF:I->O                 3.272          an_3_OBUF (an<3>)
    ----------------------------------------
    Total                      4.283ns (3.863ns logic, 0.420ns route)
                                       (90.2% logic, 9.8% route)

=========================================================================
Timing constraint: Default OFFSET OUT AFTER for Clock 'sw'
  Total number of paths / destination ports: 82622 / 8
-------------------------------------------------------------------------
Offset:              21.571ns (Levels of Logic = 19)
  Source:            Comp/PC/pcc_3 (FF)
  Destination:       Led<7> (PAD)
  Source Clock:      sw rising

  Data Path: Comp/PC/pcc_3 to Led<7>
                                Gate     Net
    Cell:in->out      fanout   Delay   Delay  Logical Name (Net Name)
    ----------------------------------------  ------------
     FDR:C->Q             12   0.591   1.136  Comp/PC/pcc_3 (Comp/PC/pcc_3)
     LUT3_D:I0->O          5   0.704   0.637  Comp/im/Mrom__COND_11212_SW0 (N52)
     LUT4:I3->O           34   0.704   1.298  Comp/im/Mrom__COND_11512 (Comp/im_out_bus<9>)
     LUT4:I2->O            1   0.704   0.455  Comp/CU/sMuxB_or0002177_SW0 (N58)
     LUT3_D:I2->O          1   0.704   0.424  Comp/CU/sMuxB_or0002177 (Comp/CU/sMuxB_or0002177)
     LUT4:I3->O            3   0.704   0.535  Comp/CU/sMuxB_or0002195 (Comp/CU/sMuxB_or0002)
     LUT4_D:I3->O          7   0.704   0.743  Comp/CU/sMuxB<1>117 (Comp/out_cu_smuxB<1>)
     LUT4:I2->O            4   0.704   0.666  Comp/MuxB/Mmux_out41 (Comp/out_muxB<2>)
     LUT2:I1->O            1   0.704   0.000  Comp/ALU/Madd_temp_addsub0002_lut<2>1 (Comp/ALU/Madd_temp_addsub0002_lut<2>1)
     MUXCY:S->O            1   0.464   0.000  Comp/ALU/Madd_temp_addsub0002_cy<2> (Comp/ALU/Madd_temp_addsub0002_cy<2>)
     MUXCY:CI->O           1   0.059   0.000  Comp/ALU/Madd_temp_addsub0002_cy<3> (Comp/ALU/Madd_temp_addsub0002_cy<3>)
     MUXCY:CI->O           1   0.059   0.000  Comp/ALU/Madd_temp_addsub0002_cy<4> (Comp/ALU/Madd_temp_addsub0002_cy<4>)
     MUXCY:CI->O           1   0.059   0.000  Comp/ALU/Madd_temp_addsub0002_cy<5> (Comp/ALU/Madd_temp_addsub0002_cy<5>)
     MUXCY:CI->O           1   0.059   0.000  Comp/ALU/Madd_temp_addsub0002_cy<6> (Comp/ALU/Madd_temp_addsub0002_cy<6>)
     XORCY:CI->O           1   0.804   0.499  Comp/ALU/Madd_temp_addsub0002_xor<7> (Comp/ALU/temp_addsub0002<7>)
     LUT3:I1->O            1   0.704   0.000  Comp/ALU/Mmux_temp_67 (Comp/ALU/Mmux_temp_67)
     MUXF5:I0->O           1   0.321   0.000  Comp/ALU/Mmux_temp_4_f5_6 (Comp/ALU/Mmux_temp_4_f57)
     MUXF6:I0->O          27   0.521   1.261  Comp/ALU/Mmux_temp_2_f6_6 (Comp/ALU/temp<7>1)
     INV:I->O              6   0.704   0.669  Comp/ALU/temp<7>_inv1_INV_0 (Led_7_OBUF)
     OBUF:I->O                 3.272          Led_7_OBUF (Led<7>)
    ----------------------------------------
    Total                     21.571ns (13.249ns logic, 8.322ns route)
                                       (61.4% logic, 38.6% route)

=========================================================================


Total REAL time to Xst completion: 8.00 secs
Total CPU time to Xst completion: 8.12 secs
 
--> 

Total memory usage is 284476 kilobytes

Number of errors   :    0 (   0 filtered)
Number of warnings :    5 (   0 filtered)
Number of infos    :    4 (   0 filtered)

